
> vite_react_shadcn_ts@0.0.0 dev
> vite --host 127.0.0.1 --port 5173


  [32m[1mVITE[22m v5.4.21[39m  [2mready in [0m[1m867[22m[2m[0m ms[22m

  [32m➜[39m  [1mLocal[22m:   [36mhttp://127.0.0.1:[1m5173[22m/[39m
[2m[32m  ➜[39m[22m[2m  press [22m[1mh + enter[22m[2m to show help[22m
[2m6:58:01 pm[22m [36m[1m[vite][22m[39m [32mhmr update [39m[2m/src/pages/CountryPage.tsx, /src/index.css, /src/components/Navbar.tsx, /src/components/AdmissionCarousel.tsx[22m
[2m6:58:12 pm[22m [36m[1m[vite][22m[39m [32mhmr update [39m[2m/src/pages/CountryPage.tsx, /src/index.css, /src/components/Navbar.tsx, /src/components/AdmissionCarousel.tsx[22m
[2m6:58:24 pm[22m [36m[1m[vite][22m[39m [32mhmr update [39m[2m/src/pages/CountryPage.tsx, /src/index.css, /src/components/Navbar.tsx, /src/components/AdmissionCarousel.tsx[22m
[2m6:58:34 pm[22m [36m[1m[vite][22m[39m [32mhmr update [39m[2m/src/pages/CountryPage.tsx, /src/index.css, /src/components/Navbar.tsx, /src/components/AdmissionCarousel.tsx[22m
[2m6:58:43 pm[22m [36m[1m[vite][22m[39m [32mhmr update [39m[2m/src/pages/CountryPage.tsx, /src/index.css, /src/components/Navbar.tsx, /src/components/AdmissionCarousel.tsx[22m
[2m6:58:55 pm[22m [36m[1m[vite][22m[39m [32mhmr update [39m[2m/src/pages/CountryPage.tsx, /src/index.css, /src/components/Navbar.tsx, /src/components/AdmissionCarousel.tsx[22m
[2m7:00:08 pm[22m [36m[1m[vite][22m[39m [32mhmr update [39m[2m/src/App.tsx, /src/index.css[22m
[2m7:00:26 pm[22m [36m[1m[vite][22m[39m [32mhmr update [39m[2m/src/components/Navbar.tsx, /src/index.css[22m
[2m7:00:42 pm[22m [36m[1m[vite][22m[39m [32mhmr update [39m[2m/src/components/Footer.tsx, /src/index.css[22m
[2m7:00:58 pm[22m [36m[1m[vite][22m[39m [32mhmr update [39m[2m/src/pages/CountryPage.tsx, /src/index.css[22m
[2m7:10:28 pm[22m [36m[1m[vite][22m[39m [32mhmr update [39m[2m/src/pages/FAQs.tsx, /src/index.css[22m
[2m7:10:48 pm[22m [36m[1m[vite][22m[39m [32mhmr update [39m[2m/src/index.css, /src/pages/Blogs.tsx, /src/pages/FAQs.tsx[22m
[2m7:10:58 pm[22m [36m[1m[vite][22m[39m [32mhmr update [39m[2m/src/pages/Blogs.tsx, /src/index.css[22m
[2m8:13:12 pm[22m [36m[1m[vite][22m[39m [32mhmr update [39m[2m/src/App.tsx, /src/index.css[22m
[2m8:13:30 pm[22m [36m[1m[vite][22m[39m [32mhmr update [39m[2m/src/pages/CountryPage.tsx, /src/index.css[22m
[2m8:28:27 pm[22m [36m[1m[vite][22m[39m [32mhmr update [39m[2m/src/pages/CountryPage.tsx, /src/index.css, /src/components/Navbar.tsx, /src/components/AdmissionCarousel.tsx, /src/components/Footer.tsx, /src/pages/FAQs.tsx[22m
[2m8:28:57 pm[22m [36m[1m[vite][22m[39m [32mhmr update [39m[2m/src/App.tsx, /src/index.css[22m
[2m8:29:06 pm[22m [36m[1m[vite][22m[39m [32mhmr update [39m[2m/src/components/Navbar.tsx, /src/index.css[22m
[2m8:29:19 pm[22m [36m[1m[vite][22m[39m [32mhmr update [39m[2m/src/components/Footer.tsx, /src/index.css[22m
