
> vite_react_shadcn_ts@0.0.0 dev
> vite --host 127.0.0.1 --port 4174


  [32m[1mVITE[22m v5.4.21[39m  [2mready in [0m[1m1235[22m[2m[0m ms[22m

  [32m➜[39m  [1mLocal[22m:   [36mhttp://127.0.0.1:[1m4174[22m/[39m
[2m4:09:49 pm[22m [36m[1m[vite][22m[39m [32mhmr update [39m[2m/src/components/DreamGlobalHero.tsx, /src/index.css[22m
[2m4:10:10 pm[22m [36m[1m[vite][22m[39m [32mhmr update [39m[2m/src/components/DreamGlobalHero.tsx, /src/index.css[22m
[2m4:57:28 pm[22m [36m[1m[vite][22m[39m [32mhmr update [39m[2m/src/components/DreamGlobalHero.tsx, /src/index.css[22m
[2m4:57:29 pm[22m [36m[1m[vite][22m[39m [32mhmr update [39m[2m/src/components/DreamGlobalHero.tsx, /src/index.css[22m
[2m4:57:31 pm[22m [36m[1m[vite][22m[39m [32mhmr update [39m[2m/src/components/DreamGlobalHero.tsx, /src/index.css[22m
[2m4:57:32 pm[22m [36m[1m[vite][22m[39m [32mhmr update [39m[2m/src/components/DreamGlobalHero.tsx, /src/index.css[22m
[2m4:57:33 pm[22m [36m[1m[vite][22m[39m [32mhmr update [39m[2m/src/components/DreamGlobalHero.tsx, /src/index.css[22m
[2m4:57:34 pm[22m [36m[1m[vite][22m[39m [32mhmr update [39m[2m/src/components/DreamGlobalHero.tsx, /src/index.css[22m
[2m4:57:36 pm[22m [36m[1m[vite][22m[39m [32mhmr update [39m[2m/src/components/DreamGlobalHero.tsx, /src/index.css[22m
[2m4:57:36 pm[22m [36m[1m[vite][22m[39m [32mhmr update [39m[2m/src/components/DreamGlobalHero.tsx, /src/index.css[22m
[2m4:59:50 pm[22m [36m[1m[vite][22m[39m [32mhmr update [39m[2m/src/pages/Landing.tsx, /src/index.css[22m
[2m5:00:31 pm[22m [36m[1m[vite][22m[39m [32mhmr update [39m[2m/src/components/DreamGlobalHero.tsx, /src/index.css[22m
[2m5:00:57 pm[22m [36m[1m[vite][22m[39m [32mhmr update [39m[2m/src/components/DreamGlobalHero.tsx, /src/index.css[22m
[2m5:01:05 pm[22m [36m[1m[vite][22m[39m [32mhmr update [39m[2m/src/components/DreamGlobalHero.tsx, /src/index.css[22m
[2m5:13:07 pm[22m [36m[1m[vite][22m[39m [32mhmr update [39m[2m/src/components/DreamGlobalHero.tsx, /src/index.css[22m
[2m5:13:20 pm[22m [36m[1m[vite][22m[39m [32mhmr update [39m[2m/src/components/DreamGlobalHero.tsx, /src/index.css[22m
[2m5:18:22 pm[22m [36m[1m[vite][22m[39m [32mhmr update [39m[2m/src/pages/Landing.tsx, /src/index.css[22m
[2m5:18:41 pm[22m [36m[1m[vite][22m[39m [32mhmr update [39m[2m/src/components/DreamGlobalHero.tsx, /src/index.css[22m
[2m5:29:35 pm[22m [36m[1m[vite][22m[39m [32mhmr update [39m[2m/src/pages/Landing.tsx, /src/index.css[22m
[2m5:30:11 pm[22m [36m[1m[vite][22m[39m [32mhmr update [39m[2m/src/pages/Landing.tsx, /src/index.css[22m
[2m5:30:49 pm[22m [36m[1m[vite][22m[39m [32mhmr update [39m[2m/src/components/DreamGlobalHero.tsx, /src/index.css[22m
[2m5:30:58 pm[22m [36m[1m[vite][22m[39m [32mhmr update [39m[2m/src/components/Navbar.tsx, /src/index.css[22m
[2m5:41:19 pm[22m [36m[1m[vite][22m[39m [32mhmr update [39m[2m/src/components/DreamGlobalHero.tsx, /src/index.css[22m
[2m5:42:01 pm[22m [36m[1m[vite][22m[39m [32mhmr update [39m[2m/src/pages/Landing.tsx, /src/index.css[22m
[2m5:42:07 pm[22m [36m[1m[vite][22m[39m [32mhmr update [39m[2m/src/pages/Landing.tsx, /src/index.css[22m
[2m5:49:18 pm[22m [36m[1m[vite][22m[39m [32mhmr update [39m[2m/src/components/DreamGlobalHero.tsx, /src/index.css[22m
[2m5:57:33 pm[22m [36m[1m[vite][22m[39m [32mhmr update [39m[2m/src/components/DreamGlobalHero.tsx, /src/index.css[22m
[2m5:58:00 pm[22m [36m[1m[vite][22m[39m [32mhmr update [39m[2m/src/index.css[22m
[2m5:59:24 pm[22m [36m[1m[vite][22m[39m [32mhmr update [39m[2m/src/App.tsx, /src/index.css[22m
[2m5:59:42 pm[22m [36m[1m[vite][22m[39m [32mhmr update [39m[2m/src/pages/Landing.tsx, /src/index.css[22m
[2m5:59:56 pm[22m [36m[1m[vite][22m[39m [32mhmr update [39m[2m/src/pages/Landing.tsx, /src/index.css[22m
[2m6:00:30 pm[22m [36m[1m[vite][22m[39m [32mhmr update [39m[2m/src/components/Footer.tsx, /src/index.css[22m
[2m6:06:27 pm[22m [36m[1m[vite][22m[39m [32mhmr update [39m[2m/src/components/DreamGlobalHero.tsx, /src/index.css[22m
[2m6:07:03 pm[22m [36m[1m[vite][22m[39m [32mhmr update [39m[2m/src/App.tsx, /src/index.css[22m
[2m6:07:16 pm[22m [36m[1m[vite][22m[39m [32mhmr update [39m[2m/src/pages/Landing.tsx, /src/index.css[22m
[2m6:07:23 pm[22m [36m[1m[vite][22m[39m [32mhmr update [39m[2m/src/pages/CareerCounselling.tsx, /src/index.css[22m
[2m6:08:24 pm[22m [36m[1m[vite][22m[39m [32mhmr update [39m[2m/src/components/FloatingContactTabs.tsx, /src/index.css[22m
[2m6:08:25 pm[22m [36m[1m[vite][22m[39m [32mhmr update [39m[2m/src/components/Footer.tsx, /src/index.css[22m
[2m6:08:25 pm[22m [36m[1m[vite][22m[39m [32mhmr update [39m[2m/src/components/Navbar.tsx, /src/index.css[22m
[2m6:08:26 pm[22m [36m[1m[vite][22m[39m [32mhmr update [39m[2m/src/pages/CareerCounselling.tsx, /src/index.css[22m
[2m6:08:26 pm[22m [36m[1m[vite][22m[39m [32mhmr update [39m[2m/src/pages/Landing.tsx, /src/index.css[22m
[2m6:08:52 pm[22m [36m[1m[vite][22m[39m [32mhmr update [39m[2m/src/pages/Contact.tsx, /src/index.css[22m
[2m6:16:24 pm[22m [36m[1m[vite][22m[39m [32mhmr update [39m[2m/src/components/DreamGlobalHero.tsx, /src/index.css[22m
[2m6:18:15 pm[22m [36m[1m[vite][22m[39m [32mpage reload [39m[2mindex.html[22m
[2m6:19:53 pm[22m [36m[1m[vite][22m[39m [32mhmr update [39m[2m/src/components/DreamGlobalHero.tsx, /src/index.css[22m
[2m6:23:02 pm[22m [36m[1m[vite][22m[39m [32mhmr update [39m[2m/src/components/DreamGlobalHero.tsx, /src/index.css[22m
[2m6:27:25 pm[22m [36m[1m[vite][22m[39m [32mhmr update [39m[2m/src/pages/Landing.tsx, /src/index.css[22m
[2m6:28:14 pm[22m [36m[1m[vite][22m[39m [32mhmr update [39m[2m/src/components/Navbar.tsx, /src/index.css[22m
[2m6:28:45 pm[22m [36m[1m[vite][22m[39m [32mhmr update [39m[2m/src/pages/Landing.tsx, /src/index.css[22m
[2m6:28:53 pm[22m [36m[1m[vite][22m[39m [32mhmr update [39m[2m/src/components/Navbar.tsx, /src/index.css[22m
[2m6:35:10 pm[22m [36m[1m[vite][22m[39m [32mhmr update [39m[2m/src/pages/Landing.tsx, /src/index.css[22m
[2m6:35:23 pm[22m [36m[1m[vite][22m[39m [32mhmr update [39m[2m/src/pages/Landing.tsx, /src/index.css[22m
[2m6:35:47 pm[22m [36m[1m[vite][22m[39m [32mhmr update [39m[2m/src/components/Navbar.tsx, /src/index.css[22m
[2m6:36:11 pm[22m [36m[1m[vite][22m[39m [32mhmr update [39m[2m/src/components/Navbar.tsx, /src/index.css[22m
[2m6:38:34 pm[22m [36m[1m[vite][22m[39m [32mhmr update [39m[2m/src/pages/Landing.tsx, /src/index.css[22m
[2m6:38:49 pm[22m [36m[1m[vite][22m[39m [32mhmr update [39m[2m/src/components/Navbar.tsx, /src/index.css[22m
[2m7:49:37 pm[22m [36m[1m[vite][22m[39m [32mhmr update [39m[2m/src/components/DreamGlobalHero.tsx, /src/index.css[22m
