
> vite_react_shadcn_ts@0.0.0 dev
> vite --host 127.0.0.1

Port 8080 is in use, trying another one...

  [32m[1mVITE[22m v5.4.21[39m  [2mready in [0m[1m446[22m[2m[0m ms[22m

  [32m➜[39m  [1mLocal[22m:   [36mhttp://127.0.0.1:[1m8081[22m/[39m
[2m8:02:19 pm[22m [36m[1m[vite][22m[39m [32mhmr update [39m[2m/src/components/Navbar.tsx, /src/index.css[22m
[2m8:02:19 pm[22m [36m[1m[vite][22m[39m [32mhmr update [39m[2m/src/pages/SuccessLetters.tsx, /src/index.css[22m
[2m8:02:19 pm[22m [36m[1m[vite][22m[39m [32mhmr update [39m[2m/src/pages/MBBSGuide.tsx, /src/index.css[22m
[2m8:02:19 pm[22m [36m[1m[vite][22m[39m [32mhmr update [39m[2m/src/index.css[22m
[2m8:06:55 pm[22m [36m[1m[vite][22m[39m [32mhmr update [39m[2m/src/pages/SuccessLetters.tsx, /src/index.css[22m
[2m8:06:56 pm[22m [36m[1m[vite][22m[39m [32mhmr update [39m[2m/src/index.css[22m
[2m8:08:22 pm[22m [36m[1m[vite][22m[39m [32mhmr update [39m[2m/src/pages/SuccessLetters.tsx, /src/index.css[22m
[2m8:10:13 pm[22m [36m[1m[vite][22m[39m [32mhmr update [39m[2m/src/pages/SuccessLetters.tsx, /src/index.css[22m
[2m8:15:07 pm[22m [36m[1m[vite][22m[39m [32mhmr update [39m[2m/src/pages/MBBSGuide.tsx, /src/index.css[22m
[2m8:24:40 pm[22m [36m[1m[vite][22m[39m [32mhmr update [39m[2m/src/components/Navbar.tsx, /src/index.css[22m
[2m8:24:40 pm[22m [36m[1m[vite][22m[39m [32mhmr update [39m[2m/src/pages/MBBS.tsx, /src/index.css[22m
[2m8:26:29 pm[22m [36m[1m[vite][22m[39m [32mhmr update [39m[2m/src/pages/SuccessLetters.tsx, /src/index.css[22m
[2m8:27:37 pm[22m [36m[1m[vite][22m[39m [32mhmr update [39m[2m/src/pages/MBBS.tsx, /src/index.css[22m
[2m8:30:26 pm[22m [36m[1m[vite][22m[39m [32mhmr update [39m[2m/src/components/Navbar.tsx, /src/index.css[22m
[2m8:33:54 pm[22m [36m[1m[vite][22m[39m [32mhmr update [39m[2m/src/pages/SuccessLetters.tsx, /src/index.css[22m
